## 1) SSH 환경 확인
$ ssh -V
OpenSSH_9.9p2, LibreSSL 3.3.6

$ ls -la ~/.ssh
total 8
drwxr-xr-x   3 nika.dev02147536  nika.dev02147536    96  7 28 10:41 .
drwxr-x---+ 34 nika.dev02147536  nika.dev02147536  1088  7 28 18:33 ..
-rw-r--r--   1 nika.dev02147536  nika.dev02147536   210  7 28 10:41 config

## 2) 키 쌍 생성 (ed25519)
$ ssh-keygen -t ed25519 -C "nan-park@codyssey-e1-1" -f ~/.ssh/id_ed25519 -N ""
Generating public/private ed25519 key pair.
Your identification has been saved in /Users/nika.dev02147536/.ssh/id_ed25519
Your public key has been saved in /Users/nika.dev02147536/.ssh/id_ed25519.pub
The key fingerprint is:
SHA256:y8hIGg8xeQ/FX1IW3Jcc6BwSVz1mE3haoVu6X6JuViY nan-park@codyssey-e1-1
The key's randomart image is:
+--[ED25519 256]--+
|     ..  o=+.++*o|
|   . .. ..+.+.=B.|
|  + o  . o + +*.o|
|   + o  .   o.+  |
|  o . . S    o   |
|   * o o .  E +  |
|  . o o o    =. .|
|            o....|
|           +o  . |
+----[SHA256]-----+

## 3) 생성된 파일과 권한 확인
$ ls -l ~/.ssh
total 24
-rw-r--r--  1 nika.dev02147536  nika.dev02147536  210  7 28 10:41 config
-rw-------  1 nika.dev02147536  nika.dev02147536  419  7 28 18:36 id_ed25519
-rw-r--r--  1 nika.dev02147536  nika.dev02147536  104  7 28 18:36 id_ed25519.pub

$ stat -f "%Sp %Lp %N" ~/.ssh/id_ed25519 ~/.ssh/id_ed25519.pub
-rw------- 600 /Users/nika.dev02147536/.ssh/id_ed25519
-rw-r--r-- 644 /Users/nika.dev02147536/.ssh/id_ed25519.pub

## 4) 공개키 확인 (GitHub 에 등록할 내용)
$ cat ~/.ssh/id_ed25519.pub
ssh-ed25519 AAAAC3NzaC1lZDI1NTE5AAAAIOTvMRy1t6II3rBup5s6HZ61kvptKJH10dxwN006M9R1 nan-park@codyssey-e1-1

$ ssh-keygen -lf ~/.ssh/id_ed25519.pub
256 SHA256:y8hIGg8xeQ/FX1IW3Jcc6BwSVz1mE3haoVu6X6JuViY nan-park@codyssey-e1-1 (ED25519)

## 5) GitHub SSH 연결 테스트
$ ssh -o StrictHostKeyChecking=accept-new -T git@github.com
Warning: Permanently added 'github.com' (ED25519) to the list of known hosts.
Hi nan-park! You've successfully authenticated, but GitHub does not provide shell access.

$ ssh-keygen -lf ~/.ssh/known_hosts 2>/dev/null | head -3
256 SHA256:+DiY3wvvV6TuJJhbpZisF/zLDA0zPMSvHdkr4UvCOqU github.com (ED25519)

## 6) 원격 주소를 HTTPS -> SSH 로 변경
$ git remote -v
origin	https://github.com/nan-park/cody-e1-1.git (fetch)
origin	https://github.com/nan-park/cody-e1-1.git (push)

$ git remote set-url origin git@github.com:nan-park/cody-e1-1.git

$ git remote -v
origin	git@github.com:nan-park/cody-e1-1.git (fetch)
origin	git@github.com:nan-park/cody-e1-1.git (push)

## 7) SSH 로 통신 확인
$ git ls-remote --heads origin
c560ef207b09efd114aed4239fe88a276ded22b5	refs/heads/main

$ git fetch origin && git status -sb
## main...origin/main
?? docs/logs/10-ssh.log

